{
  "columns": [
    {
      "name": "product_id",
      "type": "INTEGER"
    },
    {
      "name": "product_name",
      "type": "VARCHAR"
    },
    {
      "name": "price",
      "type": "DECIMAL"
    },
    {
      "name": "stock",
      "type": "INTEGER"
    }
  ],
  "connectionName": "duckdb-ddl",
  "query": "SELECT * FROM products"
}