ID,Name,Price,_is_current
1,Cola,{3 2 399},false
1,Cola,{3 2 799},true
2,Tea,{3 2 499},true
3,Coffee,{3 2 599},false
4,Fanta,{3 2 199},true


