{
    "columns": [
        {
            "name": "product_id",
            "type":"INTEGER"

        },
        {
            "name": "product_name",
            "type":"VARCHAR"
        },
        {
            "name": "price",
            "type":"DECIMAL(5,2)"
        },
        {
            "name": "stock",
            "type": "INTEGER"

        },
        {
            "name": "dt",
            "type": "DATE"
        }
    ],
    "rows": [
        [
            1,
            "Laptop",
            {
                "Width": 5,
                "Scale": 2,
                "Value": 69999
            },
            100,
            "2025-04-02T00:00:00Z"
        ],
        [
            2,
            "Smartphone",
            {
                "Width": 5,
                "Scale": 2,
                "Value": 89999
            },
            150,
            "2025-04-02T00:00:00Z"
        ],
        [
            3,
            "Headphones",
            {
                "Width": 5,
                "Scale": 2,
                "Value": 39999
            },
            175,
            "2025-04-02T00:00:00Z"
        ],
        [
            4,
            "Monitor",
            {
                "Width": 5,
                "Scale": 2,
                "Value": 29999
            },
            25,
            "2025-04-02T00:00:00Z"
        ],
        [
            5,
            "Keyboard",
            {
                "Width": 5,
                "Scale": 2,
                "Value": 4999
            },
            75,
            "2025-04-02T00:00:00Z"
        ],
        [
            6,
            "Mouse",
            {
                "Width": 5,
                "Scale": 2,
                "Value": 3999
            },
            100,
            "2025-04-02T00:00:00Z"
        ],
        [
            7,
            "Tablet",
            {
                "Width": 5,
                "Scale": 2,
                "Value": 59999
            },
            75,
            "2025-04-02T00:00:00Z"
        ],
        [
            8,
            "Smartwatch",
            {
                "Width": 5,
                "Scale": 2,
                "Value": 24999
            },
            30,
            "2025-04-02T00:00:00Z"
        ],
        [
            9,
            "Gaming Console",
            {
                "Width": 5,
                "Scale": 2,
                "Value": 69999
            },
            250,
            "2025-04-02T00:00:00Z"
        ]
    ],
    "connectionName": "duckdb-time-materialization",
    "query": "SELECT * FROM PRODUCTS;"
}